// Vitest Snapshot v1, https://vitest.dev/guide/snapshot.html

exports[`generateCityData ダイジェスト > シード BAKUGEKI-01 のダイジェストが凍結値と一致する 1`] = `
{
  "counts": {
    "alleys": 4859,
    "buildings": 17808,
    "cars": 8169,
    "groundPolys": 650,
    "lotDecals": 3008,
    "movingCars": 5000,
    "parkPaths": 36,
    "ponds": 27,
    "roads": 48,
    "trees": 45711,
  },
  "hashes": {
    "alleyPaths": 291620488,
    "buildings": 1515129493,
    "cars": 967036086,
    "groundPolys": 574738208,
    "lotDecals": 776339286,
    "parkPaths": 1779846339,
    "ponds": 2489383489,
    "roadPaths": 118222485,
    "trees": 2026927210,
  },
  "plan": "grid",
}
`;

exports[`generateCityData ダイジェスト > シード CITY-00001 のダイジェストが凍結値と一致する 1`] = `
{
  "counts": {
    "alleys": 6296,
    "buildings": 35451,
    "cars": 7125,
    "groundPolys": 78,
    "lotDecals": 5785,
    "movingCars": 5000,
    "parkPaths": 12,
    "ponds": 1,
    "roads": 18,
    "trees": 64870,
  },
  "hashes": {
    "alleyPaths": 1453621660,
    "buildings": 4061384016,
    "cars": 397789661,
    "groundPolys": 45693005,
    "lotDecals": 3783862264,
    "parkPaths": 979103386,
    "ponds": 3328572220,
    "roadPaths": 3109287670,
    "trees": 3379063436,
  },
  "plan": "radial",
}
`;

exports[`generateCityData ダイジェスト > シード CITY-31337 のダイジェストが凍結値と一致する 1`] = `
{
  "counts": {
    "alleys": 5469,
    "buildings": 33534,
    "cars": 6998,
    "groundPolys": 105,
    "lotDecals": 5400,
    "movingCars": 5000,
    "parkPaths": 16,
    "ponds": 3,
    "roads": 21,
    "trees": 91496,
  },
  "hashes": {
    "alleyPaths": 4080866258,
    "buildings": 3256996878,
    "cars": 2434687103,
    "groundPolys": 477295836,
    "lotDecals": 3996519005,
    "parkPaths": 243925295,
    "ponds": 4022876254,
    "roadPaths": 2446941019,
    "trees": 292044097,
  },
  "plan": "radial",
}
`;

exports[`generateCityData ダイジェスト > シード TOKYO のダイジェストが凍結値と一致する 1`] = `
{
  "counts": {
    "alleys": 7200,
    "buildings": 30351,
    "cars": 6987,
    "groundPolys": 625,
    "lotDecals": 4780,
    "movingCars": 5000,
    "parkPaths": 34,
    "ponds": 21,
    "roads": 52,
    "trees": 84406,
  },
  "hashes": {
    "alleyPaths": 1408037337,
    "buildings": 2030813355,
    "cars": 2455188507,
    "groundPolys": 3189391236,
    "lotDecals": 3160118556,
    "parkPaths": 689626936,
    "ponds": 2605089398,
    "roadPaths": 3028709249,
    "trees": 4085087446,
  },
  "plan": "organic",
}
`;

exports[`generateCityData ダイジェスト > シード niigata のダイジェストが凍結値と一致する 1`] = `
{
  "counts": {
    "alleys": 6255,
    "buildings": 26588,
    "cars": 7119,
    "groundPolys": 600,
    "lotDecals": 4289,
    "movingCars": 5000,
    "parkPaths": 26,
    "ponds": 17,
    "roads": 53,
    "trees": 86570,
  },
  "hashes": {
    "alleyPaths": 3768751367,
    "buildings": 3905130595,
    "cars": 910236715,
    "groundPolys": 239844381,
    "lotDecals": 3026839677,
    "parkPaths": 781584974,
    "ponds": 1964214457,
    "roadPaths": 3512745250,
    "trees": 2844177240,
  },
  "plan": "organic",
}
`;

exports[`generateCityData ダイジェスト > シード ながいシード文字列 のダイジェストが凍結値と一致する 1`] = `
{
  "counts": {
    "alleys": 5392,
    "buildings": 29668,
    "cars": 6844,
    "groundPolys": 97,
    "lotDecals": 4930,
    "movingCars": 5000,
    "parkPaths": 19,
    "ponds": 4,
    "roads": 20,
    "trees": 73035,
  },
  "hashes": {
    "alleyPaths": 756498353,
    "buildings": 2382693280,
    "cars": 3529112411,
    "groundPolys": 3723114903,
    "lotDecals": 3885862112,
    "parkPaths": 1570931355,
    "ponds": 979041199,
    "roadPaths": 3348739622,
    "trees": 692060165,
  },
  "plan": "radial",
}
`;
