// Vitest Snapshot v1, https://vitest.dev/guide/snapshot.html

exports[`generateCityData ダイジェスト > シード BAKUGEKI-01 のダイジェストが凍結値と一致する 1`] = `
{
  "counts": {
    "alleys": 4869,
    "buildings": 18045,
    "cars": 8080,
    "groundPolys": 650,
    "lotDecals": 2925,
    "movingCars": 5000,
    "roads": 48,
    "trees": 44419,
  },
  "hashes": {
    "alleyPaths": 23215566,
    "buildings": 2143064484,
    "cars": 2765865786,
    "groundPolys": 3816251943,
    "lotDecals": 2203953714,
    "roadPaths": 118222485,
    "trees": 4018380426,
  },
  "plan": "grid",
}
`;

exports[`generateCityData ダイジェスト > シード CITY-00001 のダイジェストが凍結値と一致する 1`] = `
{
  "counts": {
    "alleys": 6084,
    "buildings": 33489,
    "cars": 7170,
    "groundPolys": 78,
    "lotDecals": 5433,
    "movingCars": 5000,
    "roads": 18,
    "trees": 63349,
  },
  "hashes": {
    "alleyPaths": 3012238998,
    "buildings": 1666206344,
    "cars": 3893152326,
    "groundPolys": 1136978912,
    "lotDecals": 4247033593,
    "roadPaths": 2154334151,
    "trees": 1272461407,
  },
  "plan": "radial",
}
`;

exports[`generateCityData ダイジェスト > シード CITY-31337 のダイジェストが凍結値と一致する 1`] = `
{
  "counts": {
    "alleys": 5270,
    "buildings": 31816,
    "cars": 6583,
    "groundPolys": 105,
    "lotDecals": 5255,
    "movingCars": 5000,
    "roads": 21,
    "trees": 91577,
  },
  "hashes": {
    "alleyPaths": 131652305,
    "buildings": 4184427003,
    "cars": 3071384607,
    "groundPolys": 4025446591,
    "lotDecals": 606625417,
    "roadPaths": 99551741,
    "trees": 1941986659,
  },
  "plan": "radial",
}
`;

exports[`generateCityData ダイジェスト > シード TOKYO のダイジェストが凍結値と一致する 1`] = `
{
  "counts": {
    "alleys": 7142,
    "buildings": 29991,
    "cars": 6855,
    "groundPolys": 625,
    "lotDecals": 4794,
    "movingCars": 5000,
    "roads": 52,
    "trees": 84061,
  },
  "hashes": {
    "alleyPaths": 2168922812,
    "buildings": 896016662,
    "cars": 3033094811,
    "groundPolys": 251274756,
    "lotDecals": 424068519,
    "roadPaths": 3028709249,
    "trees": 661295103,
  },
  "plan": "organic",
}
`;

exports[`generateCityData ダイジェスト > シード niigata のダイジェストが凍結値と一致する 1`] = `
{
  "counts": {
    "alleys": 6232,
    "buildings": 26325,
    "cars": 6794,
    "groundPolys": 600,
    "lotDecals": 4226,
    "movingCars": 5000,
    "roads": 53,
    "trees": 86477,
  },
  "hashes": {
    "alleyPaths": 3693390689,
    "buildings": 1112116294,
    "cars": 1275803253,
    "groundPolys": 1532085415,
    "lotDecals": 2676117136,
    "roadPaths": 3512745250,
    "trees": 1864212410,
  },
  "plan": "organic",
}
`;

exports[`generateCityData ダイジェスト > シード ながいシード文字列 のダイジェストが凍結値と一致する 1`] = `
{
  "counts": {
    "alleys": 5082,
    "buildings": 27188,
    "cars": 6875,
    "groundPolys": 97,
    "lotDecals": 4431,
    "movingCars": 5000,
    "roads": 20,
    "trees": 68550,
  },
  "hashes": {
    "alleyPaths": 4070724330,
    "buildings": 1947329183,
    "cars": 846949067,
    "groundPolys": 1371692112,
    "lotDecals": 880672019,
    "roadPaths": 2454754090,
    "trees": 2162345370,
  },
  "plan": "radial",
}
`;
