// Vitest Snapshot v1, https://vitest.dev/guide/snapshot.html

exports[`generateCityData ダイジェスト > シード BAKUGEKI-01 のダイジェストが凍結値と一致する 1`] = `
{
  "counts": {
    "alleys": 4854,
    "buildings": 17748,
    "cars": 7802,
    "groundPolys": 650,
    "lotDecals": 2895,
    "movingCars": 5000,
    "parkPaths": 26,
    "ponds": 13,
    "roads": 48,
    "trees": 44721,
  },
  "hashes": {
    "alleyPaths": 2379176863,
    "buildings": 2521856382,
    "cars": 855164092,
    "groundPolys": 775345245,
    "lotDecals": 2104966419,
    "parkPaths": 1391227741,
    "ponds": 1702187905,
    "roadPaths": 118222485,
    "trees": 2281890920,
  },
  "plan": "grid",
}
`;

exports[`generateCityData ダイジェスト > シード CITY-00001 のダイジェストが凍結値と一致する 1`] = `
{
  "counts": {
    "alleys": 6296,
    "buildings": 35451,
    "cars": 7125,
    "groundPolys": 78,
    "lotDecals": 5785,
    "movingCars": 5000,
    "parkPaths": 12,
    "ponds": 1,
    "roads": 18,
    "trees": 64870,
  },
  "hashes": {
    "alleyPaths": 1453621660,
    "buildings": 4061384016,
    "cars": 397789661,
    "groundPolys": 45693005,
    "lotDecals": 3783862264,
    "parkPaths": 979103386,
    "ponds": 3328572220,
    "roadPaths": 3109287670,
    "trees": 3379063436,
  },
  "plan": "radial",
}
`;

exports[`generateCityData ダイジェスト > シード CITY-31337 のダイジェストが凍結値と一致する 1`] = `
{
  "counts": {
    "alleys": 5502,
    "buildings": 32625,
    "cars": 6753,
    "groundPolys": 105,
    "lotDecals": 5207,
    "movingCars": 5000,
    "parkPaths": 16,
    "ponds": 2,
    "roads": 21,
    "trees": 91368,
  },
  "hashes": {
    "alleyPaths": 2291236473,
    "buildings": 43553142,
    "cars": 3480214770,
    "groundPolys": 3585964985,
    "lotDecals": 1042699957,
    "parkPaths": 3680554273,
    "ponds": 2543444161,
    "roadPaths": 2446941019,
    "trees": 3102104338,
  },
  "plan": "radial",
}
`;

exports[`generateCityData ダイジェスト > シード TOKYO のダイジェストが凍結値と一致する 1`] = `
{
  "counts": {
    "alleys": 7188,
    "buildings": 30080,
    "cars": 6523,
    "groundPolys": 625,
    "lotDecals": 4812,
    "movingCars": 5000,
    "parkPaths": 34,
    "ponds": 17,
    "roads": 52,
    "trees": 84953,
  },
  "hashes": {
    "alleyPaths": 2943115469,
    "buildings": 2604036613,
    "cars": 1066154670,
    "groundPolys": 4120132726,
    "lotDecals": 3775856284,
    "parkPaths": 99656513,
    "ponds": 3496997452,
    "roadPaths": 3028709249,
    "trees": 3082027267,
  },
  "plan": "organic",
}
`;

exports[`generateCityData ダイジェスト > シード niigata のダイジェストが凍結値と一致する 1`] = `
{
  "counts": {
    "alleys": 6175,
    "buildings": 25988,
    "cars": 6800,
    "groundPolys": 600,
    "lotDecals": 4161,
    "movingCars": 5000,
    "parkPaths": 30,
    "ponds": 15,
    "roads": 53,
    "trees": 81419,
  },
  "hashes": {
    "alleyPaths": 1699314229,
    "buildings": 3777265619,
    "cars": 2868238341,
    "groundPolys": 1679477942,
    "lotDecals": 3678186674,
    "parkPaths": 2025926241,
    "ponds": 2405433417,
    "roadPaths": 3512745250,
    "trees": 3644633589,
  },
  "plan": "organic",
}
`;

exports[`generateCityData ダイジェスト > シード ながいシード文字列 のダイジェストが凍結値と一致する 1`] = `
{
  "counts": {
    "alleys": 5108,
    "buildings": 29068,
    "cars": 7447,
    "groundPolys": 97,
    "lotDecals": 4728,
    "movingCars": 5000,
    "parkPaths": 21,
    "ponds": 5,
    "roads": 20,
    "trees": 71997,
  },
  "hashes": {
    "alleyPaths": 2922508157,
    "buildings": 2887956741,
    "cars": 969551158,
    "groundPolys": 2095300479,
    "lotDecals": 943511670,
    "parkPaths": 3684525046,
    "ponds": 4268701684,
    "roadPaths": 3348739622,
    "trees": 2109877858,
  },
  "plan": "radial",
}
`;
